<!DOCTYPE html>
<html lang="en" class="devsite">
	<head>
	<link href="https://developers.google.com/+/web/+1button/" rel="canonical">
	<meta charset="utf-8" />
	<link href='//maxcdn.bootstrapcdn.com/bootstrap/3.3.0/css/bootstrap.min.css' rel='stylesheet' type='text/css'>
	</head>
	<script src="//ajax.googleapis.com/ajax/libs/angularjs/1.2.26/angular.min.js"></script>

	<body>

	</body>

</html>
